// Jest Snapshot v1, https://goo.gl/fbAQLP

exports[`App Should render snapshot 1`] = `
<div>
  <div
    class="App"
  >
    Hello World
  </div>
</div>
`;
